[powderblue-cat-511351.hostingersite.com/fObywatel_ludzie_p2xt4gLmsl/index.html]
[powderblue-cat-511351.hostingersite.com/sw.js]
[backblue.gif]
[fade.gif]
[index.html]
[powderblue-cat-511351.hostingersite.com/dowod_files/main.css]
[powderblue-cat-511351.hostingersite.com/css/login.css]
[powderblue-cat-511351.hostingersite.com/fObywatel_ludzie_p2xt4gLmsl/dashboard.html]
[powderblue-cat-511351.hostingersite.com/dowod_files/coi.png]
[powderblue-cat-511351.hostingersite.com/fObywatel_ludzie_p2xt4gLmsl/index.html]
[powderblue-cat-511351.hostingersite.com/sw.js]
[powderblue-cat-511351.hostingersite.com/dowod_files/main.css]
[powderblue-cat-511351.hostingersite.com/css/login.css]
[powderblue-cat-511351.hostingersite.com/css/dashboard.css]
[powderblue-cat-511351.hostingersite.com/dowod_files/scale.js]
[powderblue-cat-511351.hostingersite.com/fObywatel_ludzie_p2xt4gLmsl/dashboard.html]
[powderblue-cat-511351.hostingersite.com/css/dashboard.css]
[powderblue-cat-511351.hostingersite.com/dowod_files/scale.js]
[powderblue-cat-511351.hostingersite.com/fObywatel_ludzie_p2xt4gLmsl/dowodnowy.html]
[powderblue-cat-511351.hostingersite.com/css/dowodnowy.css]
[code.jquery.com/jquery-3.6.0.min.js]
[powderblue-cat-511351.hostingersite.com/dowod_files/timenew.js]
[powderblue-cat-511351.hostingersite.com/dowod_files/flaga.gif]
[powderblue-cat-511351.hostingersite.com/dowod_files/godlo.gif]
[powderblue-cat-511351.hostingersite.com/dowod_files/checkbo.png]
[powderblue-cat-511351.hostingersite.com/dowod_files/card.png]
[powderblue-cat-511351.hostingersite.com/dowod_files/rozwijka.js]
[powderblue-cat-511351.hostingersite.com/dowod_files/wybor.js]
[powderblue-cat-511351.hostingersite.com/fObywatel_ludzie_p2xt4gLmsl/dowodnowy.html]
[powderblue-cat-511351.hostingersite.com/css/dowodnowy.css]
[powderblue-cat-511351.hostingersite.com/dowod_files/timenew.js]
[scontent.fpoz4-1.fna.fbcdn.net/v/t1.15752-9/481453553_2996388623995955_3371289384978279393_nb95b.png]
[powderblue-cat-511351.hostingersite.com/fObywatel_ludzie_p2xt4gLmsl/rozwijka.js]
[powderblue-cat-511351.hostingersite.com/dowod_files/rozwijka.js]
[powderblue-cat-511351.hostingersite.com/dowod_files/wybor.js]
[powderblue-cat-511351.hostingersite.com/fObywatel_ludzie_p2xt4gLmsl/rozwijka.html]
